<?xml version='1.0' encoding='utf-8'?>
<testsuites name="cocotb tests"><testsuite name="test_riscv_core" errors="0" failures="0" skipped="0" tests="1" time="0.004" timestamp="2026-09-12T18:03:21.388429+00:00" hostname="MacBookPro"><testcase classname="test_riscv_core" name="test_riscv_core_x3_fibonacci" time="0.004"><properties><property name="cocotb" value="True" /><property name="random_seed" value="1789236201" /><property name="file" value="/Users/admin/OpenLane/CPU/tests/test_riscv_core.py" /><property name="line" value="29" /><property name="sim_time_unit" value="ns" /><property name="sim_time_start" value="0.0" /><property name="sim_time_stop" value="1040.0" /><property name="sim_time_duration" value="1040.0" /><property name="sim_time_ratio" value="238463.74471649944" /></properties></testcase></testsuite></testsuites>